203.0.113.42 - - [12/Apr/2026:14:00:01 +0000] "GET / HTTP/1.1" 200 4128 "-" "Mozilla/5.0 (Macintosh; Intel Mac OS X 14_4) AppleWebKit/605.1.15 (KHTML, like Gecko) Version/17.4 Safari/605.1.15"
198.51.100.18 - - [12/Apr/2026:14:00:04 +0000] "GET /static/main.css HTTP/1.1" 200 12842 "https://shop.example/" "Mozilla/5.0 (Macintosh; Intel Mac OS X 14_4) AppleWebKit/605.1.15 (KHTML, like Gecko) Version/17.4 Safari/605.1.15"
198.51.100.18 - - [12/Apr/2026:14:00:04 +0000] "GET /static/app.js HTTP/1.1" 200 78421 "https://shop.example/" "Mozilla/5.0 (Macintosh; Intel Mac OS X 14_4) AppleWebKit/605.1.15 (KHTML, like Gecko) Version/17.4 Safari/605.1.15"
203.0.113.42 - - [12/Apr/2026:14:00:08 +0000] "GET /api/products HTTP/1.1" 200 18421 "https://shop.example/" "Mozilla/5.0 (Macintosh; Intel Mac OS X 14_4) AppleWebKit/605.1.15 (KHTML, like Gecko) Version/17.4 Safari/605.1.15"
198.51.100.42 - - [12/Apr/2026:14:00:12 +0000] "GET / HTTP/1.1" 200 4128 "-" "Mozilla/5.0 (Windows NT 10.0; Win64; x64) AppleWebKit/537.36 (KHTML, like Gecko) Chrome/124.0 Safari/537.36"
198.51.100.42 - - [12/Apr/2026:14:00:13 +0000] "GET /static/main.css HTTP/1.1" 304 0 "https://shop.example/" "Mozilla/5.0 (Windows NT 10.0; Win64; x64) AppleWebKit/537.36 (KHTML, like Gecko) Chrome/124.0 Safari/537.36"
198.51.100.42 - - [12/Apr/2026:14:00:13 +0000] "GET /static/app.js HTTP/1.1" 304 0 "https://shop.example/" "Mozilla/5.0 (Windows NT 10.0; Win64; x64) AppleWebKit/537.36 (KHTML, like Gecko) Chrome/124.0 Safari/537.36"
203.0.113.99 - - [12/Apr/2026:14:00:18 +0000] "GET /api/products HTTP/1.1" 200 18421 "https://shop.example/" "Mozilla/5.0 (iPhone; CPU iPhone OS 17_4 like Mac OS X) AppleWebKit/605.1.15 (KHTML, like Gecko) Version/17.4 Mobile/15E148 Safari/604.1"
203.0.113.99 - - [12/Apr/2026:14:00:21 +0000] "GET /api/products/p_842 HTTP/1.1" 200 2418 "https://shop.example/products" "Mozilla/5.0 (iPhone; CPU iPhone OS 17_4 like Mac OS X) AppleWebKit/605.1.15 (KHTML, like Gecko) Version/17.4 Mobile/15E148 Safari/604.1"
203.0.113.42 - - [12/Apr/2026:14:01:02 +0000] "POST /api/login HTTP/1.1" 200 412 "https://shop.example/login" "Mozilla/5.0 (Macintosh; Intel Mac OS X 14_4) AppleWebKit/605.1.15 (KHTML, like Gecko) Version/17.4 Safari/605.1.15"
203.0.113.42 - - [12/Apr/2026:14:01:08 +0000] "GET /api/cart HTTP/1.1" 200 612 "https://shop.example/cart" "Mozilla/5.0 (Macintosh; Intel Mac OS X 14_4) AppleWebKit/605.1.15 (KHTML, like Gecko) Version/17.4 Safari/605.1.15"
192.0.2.42 - - [12/Apr/2026:14:01:12 +0000] "GET /api/products HTTP/1.1" 200 18421 "-" "curl/8.4.0"
192.0.2.42 - - [12/Apr/2026:14:01:14 +0000] "GET /api/products?category=audio HTTP/1.1" 200 8412 "-" "curl/8.4.0"
192.0.2.42 - - [12/Apr/2026:14:01:16 +0000] "GET /api/products?category=video HTTP/1.1" 200 7218 "-" "curl/8.4.0"
192.0.2.42 - - [12/Apr/2026:14:01:18 +0000] "GET /api/products?category=accessories HTTP/1.1" 200 4128 "-" "curl/8.4.0"
192.0.2.42 - - [12/Apr/2026:14:01:20 +0000] "GET /api/products?page=2 HTTP/1.1" 200 16842 "-" "curl/8.4.0"
192.0.2.42 - - [12/Apr/2026:14:01:22 +0000] "GET /api/products?page=3 HTTP/1.1" 200 14218 "-" "curl/8.4.0"
192.0.2.42 - - [12/Apr/2026:14:01:24 +0000] "GET /api/products?page=4 HTTP/1.1" 200 12842 "-" "curl/8.4.0"
192.0.2.42 - - [12/Apr/2026:14:01:26 +0000] "GET /api/products?page=5 HTTP/1.1" 200 11218 "-" "curl/8.4.0"
198.51.100.18 - - [12/Apr/2026:14:02:01 +0000] "POST /api/cart HTTP/1.1" 200 218 "https://shop.example/products" "Mozilla/5.0 (Macintosh; Intel Mac OS X 14_4) AppleWebKit/605.1.15 (KHTML, like Gecko) Version/17.4 Safari/605.1.15"
198.51.100.18 - - [12/Apr/2026:14:02:11 +0000] "GET /api/checkout HTTP/1.1" 200 1842 "https://shop.example/cart" "Mozilla/5.0 (Macintosh; Intel Mac OS X 14_4) AppleWebKit/605.1.15 (KHTML, like Gecko) Version/17.4 Safari/605.1.15"
198.51.100.18 - - [12/Apr/2026:14:02:42 +0000] "POST /api/checkout HTTP/1.1" 200 412 "https://shop.example/checkout" "Mozilla/5.0 (Macintosh; Intel Mac OS X 14_4) AppleWebKit/605.1.15 (KHTML, like Gecko) Version/17.4 Safari/605.1.15"
192.0.2.42 - - [12/Apr/2026:14:03:01 +0000] "GET /api/products/p_001 HTTP/1.1" 200 2418 "-" "curl/8.4.0"
192.0.2.42 - - [12/Apr/2026:14:03:02 +0000] "GET /api/products/p_002 HTTP/1.1" 200 2218 "-" "curl/8.4.0"
192.0.2.42 - - [12/Apr/2026:14:03:03 +0000] "GET /api/products/p_003 HTTP/1.1" 200 2618 "-" "curl/8.4.0"
192.0.2.42 - - [12/Apr/2026:14:03:04 +0000] "GET /api/products/p_004 HTTP/1.1" 200 2118 "-" "curl/8.4.0"
192.0.2.42 - - [12/Apr/2026:14:03:05 +0000] "GET /api/products/p_005 HTTP/1.1" 200 2418 "-" "curl/8.4.0"
192.0.2.42 - - [12/Apr/2026:14:03:06 +0000] "GET /api/products/p_006 HTTP/1.1" 200 2718 "-" "curl/8.4.0"
192.0.2.42 - - [12/Apr/2026:14:03:07 +0000] "GET /api/products/p_007 HTTP/1.1" 200 2218 "-" "curl/8.4.0"
192.0.2.42 - - [12/Apr/2026:14:03:08 +0000] "GET /api/products/p_008 HTTP/1.1" 200 2818 "-" "curl/8.4.0"
192.0.2.42 - - [12/Apr/2026:14:03:09 +0000] "GET /api/products/p_009 HTTP/1.1" 200 2418 "-" "curl/8.4.0"
192.0.2.42 - - [12/Apr/2026:14:03:10 +0000] "GET /api/products/p_010 HTTP/1.1" 200 2618 "-" "curl/8.4.0"
203.0.113.99 - - [12/Apr/2026:14:04:18 +0000] "GET /api/cart HTTP/1.1" 200 218 "https://shop.example/cart" "Mozilla/5.0 (iPhone; CPU iPhone OS 17_4 like Mac OS X) AppleWebKit/605.1.15 (KHTML, like Gecko) Version/17.4 Mobile/15E148 Safari/604.1"
203.0.113.99 - - [12/Apr/2026:14:05:02 +0000] "POST /api/cart HTTP/1.1" 200 218 "https://shop.example/products/p_842" "Mozilla/5.0 (iPhone; CPU iPhone OS 17_4 like Mac OS X) AppleWebKit/605.1.15 (KHTML, like Gecko) Version/17.4 Mobile/15E148 Safari/604.1"
198.51.100.99 - - [12/Apr/2026:14:06:18 +0000] "GET / HTTP/1.1" 200 4128 "-" "Mozilla/5.0 (Linux; Android 14) Chrome/124.0 Mobile Safari/537.36"
198.51.100.99 - - [12/Apr/2026:14:06:21 +0000] "GET /api/products HTTP/1.1" 200 18421 "https://shop.example/" "Mozilla/5.0 (Linux; Android 14) Chrome/124.0 Mobile Safari/537.36"
198.51.100.99 - - [12/Apr/2026:14:06:42 +0000] "GET /products/p_421 HTTP/1.1" 404 218 "https://shop.example/" "Mozilla/5.0 (Linux; Android 14) Chrome/124.0 Mobile Safari/537.36"
192.0.2.42 - - [12/Apr/2026:14:07:01 +0000] "GET /api/products/p_011 HTTP/1.1" 200 2418 "-" "curl/8.4.0"
192.0.2.42 - - [12/Apr/2026:14:07:03 +0000] "GET /api/products/p_012 HTTP/1.1" 200 2618 "-" "curl/8.4.0"
192.0.2.42 - - [12/Apr/2026:14:07:05 +0000] "GET /api/products/p_013 HTTP/1.1" 200 2218 "-" "curl/8.4.0"
192.0.2.42 - - [12/Apr/2026:14:07:07 +0000] "GET /api/products/p_014 HTTP/1.1" 200 2818 "-" "curl/8.4.0"
192.0.2.42 - - [12/Apr/2026:14:07:09 +0000] "GET /api/products/p_015 HTTP/1.1" 200 2418 "-" "curl/8.4.0"
192.0.2.42 - - [12/Apr/2026:14:07:11 +0000] "GET /api/products/p_016 HTTP/1.1" 200 2618 "-" "curl/8.4.0"
192.0.2.42 - - [12/Apr/2026:14:07:13 +0000] "GET /api/products/p_017 HTTP/1.1" 200 2218 "-" "curl/8.4.0"
192.0.2.42 - - [12/Apr/2026:14:07:15 +0000] "GET /api/products/p_018 HTTP/1.1" 200 2718 "-" "curl/8.4.0"
198.51.100.42 - - [12/Apr/2026:14:08:21 +0000] "GET /api/products HTTP/1.1" 200 18421 "https://shop.example/" "Mozilla/5.0 (Windows NT 10.0; Win64; x64) AppleWebKit/537.36 (KHTML, like Gecko) Chrome/124.0 Safari/537.36"
198.51.100.42 - - [12/Apr/2026:14:08:42 +0000] "GET /api/products/p_142 HTTP/1.1" 200 2418 "https://shop.example/products" "Mozilla/5.0 (Windows NT 10.0; Win64; x64) AppleWebKit/537.36 (KHTML, like Gecko) Chrome/124.0 Safari/537.36"
198.51.100.42 - - [12/Apr/2026:14:09:18 +0000] "POST /api/cart HTTP/1.1" 200 218 "https://shop.example/products/p_142" "Mozilla/5.0 (Windows NT 10.0; Win64; x64) AppleWebKit/537.36 (KHTML, like Gecko) Chrome/124.0 Safari/537.36"
198.51.100.42 - - [12/Apr/2026:14:09:42 +0000] "POST /api/checkout HTTP/1.1" 200 412 "https://shop.example/checkout" "Mozilla/5.0 (Windows NT 10.0; Win64; x64) AppleWebKit/537.36 (KHTML, like Gecko) Chrome/124.0 Safari/537.36"
203.0.113.18 - - [12/Apr/2026:14:11:01 +0000] "GET / HTTP/1.1" 200 4128 "-" "Mozilla/5.0 (Macintosh; Intel Mac OS X 14_4) AppleWebKit/537.36 (KHTML, like Gecko) Chrome/124.0 Safari/537.36"
203.0.113.18 - - [12/Apr/2026:14:11:08 +0000] "GET /robots.txt HTTP/1.1" 200 142 "-" "Mozilla/5.0 (Macintosh; Intel Mac OS X 14_4) AppleWebKit/537.36 (KHTML, like Gecko) Chrome/124.0 Safari/537.36"
203.0.113.18 - - [12/Apr/2026:14:11:42 +0000] "GET /api/products HTTP/1.1" 200 18421 "https://shop.example/" "Mozilla/5.0 (Macintosh; Intel Mac OS X 14_4) AppleWebKit/537.36 (KHTML, like Gecko) Chrome/124.0 Safari/537.36"
192.0.2.42 - - [12/Apr/2026:14:12:01 +0000] "GET /api/products/p_019 HTTP/1.1" 200 2418 "-" "curl/8.4.0"
192.0.2.42 - - [12/Apr/2026:14:12:03 +0000] "GET /api/products/p_020 HTTP/1.1" 200 2618 "-" "curl/8.4.0"
192.0.2.42 - - [12/Apr/2026:14:12:05 +0000] "GET /api/products/p_021 HTTP/1.1" 200 2218 "-" "curl/8.4.0"
192.0.2.42 - - [12/Apr/2026:14:12:07 +0000] "GET /api/products/p_022 HTTP/1.1" 200 2818 "-" "curl/8.4.0"
192.0.2.42 - - [12/Apr/2026:14:12:09 +0000] "GET /api/products/p_023 HTTP/1.1" 200 2418 "-" "curl/8.4.0"
192.0.2.42 - - [12/Apr/2026:14:12:11 +0000] "GET /api/products/p_024 HTTP/1.1" 200 2618 "-" "curl/8.4.0"
192.0.2.42 - - [12/Apr/2026:14:12:13 +0000] "GET /api/products/p_025 HTTP/1.1" 200 2218 "-" "curl/8.4.0"
198.51.100.18 - - [12/Apr/2026:14:14:21 +0000] "GET /account/orders HTTP/1.1" 200 8412 "https://shop.example/account" "Mozilla/5.0 (Macintosh; Intel Mac OS X 14_4) AppleWebKit/605.1.15 (KHTML, like Gecko) Version/17.4 Safari/605.1.15"
198.51.100.18 - - [12/Apr/2026:14:14:42 +0000] "GET /account/orders/o_19842 HTTP/1.1" 200 4218 "https://shop.example/account/orders" "Mozilla/5.0 (Macintosh; Intel Mac OS X 14_4) AppleWebKit/605.1.15 (KHTML, like Gecko) Version/17.4 Safari/605.1.15"
203.0.113.99 - - [12/Apr/2026:14:18:01 +0000] "GET /api/cart HTTP/1.1" 200 218 "https://shop.example/" "Mozilla/5.0 (iPhone; CPU iPhone OS 17_4 like Mac OS X) AppleWebKit/605.1.15 (KHTML, like Gecko) Version/17.4 Mobile/15E148 Safari/604.1"
203.0.113.99 - - [12/Apr/2026:14:18:42 +0000] "POST /api/checkout HTTP/1.1" 503 218 "https://shop.example/checkout" "Mozilla/5.0 (iPhone; CPU iPhone OS 17_4 like Mac OS X) AppleWebKit/605.1.15 (KHTML, like Gecko) Version/17.4 Mobile/15E148 Safari/604.1"
198.51.100.42 - - [12/Apr/2026:14:19:01 +0000] "POST /api/checkout HTTP/1.1" 503 218 "https://shop.example/checkout" "Mozilla/5.0 (Windows NT 10.0; Win64; x64) AppleWebKit/537.36 (KHTML, like Gecko) Chrome/124.0 Safari/537.36"
203.0.113.42 - - [12/Apr/2026:14:19:18 +0000] "POST /api/checkout HTTP/1.1" 503 218 "https://shop.example/checkout" "Mozilla/5.0 (Macintosh; Intel Mac OS X 14_4) AppleWebKit/605.1.15 (KHTML, like Gecko) Version/17.4 Safari/605.1.15"
198.51.100.99 - - [12/Apr/2026:14:19:42 +0000] "POST /api/checkout HTTP/1.1" 503 218 "https://shop.example/checkout" "Mozilla/5.0 (Linux; Android 14) Chrome/124.0 Mobile Safari/537.36"
203.0.113.18 - - [12/Apr/2026:14:20:01 +0000] "POST /api/checkout HTTP/1.1" 503 218 "https://shop.example/checkout" "Mozilla/5.0 (Macintosh; Intel Mac OS X 14_4) AppleWebKit/537.36 (KHTML, like Gecko) Chrome/124.0 Safari/537.36"
203.0.113.42 - - [12/Apr/2026:14:20:18 +0000] "POST /api/checkout HTTP/1.1" 503 218 "https://shop.example/checkout" "Mozilla/5.0 (Macintosh; Intel Mac OS X 14_4) AppleWebKit/605.1.15 (KHTML, like Gecko) Version/17.4 Safari/605.1.15"
198.51.100.42 - - [12/Apr/2026:14:20:42 +0000] "POST /api/checkout HTTP/1.1" 503 218 "https://shop.example/checkout" "Mozilla/5.0 (Windows NT 10.0; Win64; x64) AppleWebKit/537.36 (KHTML, like Gecko) Chrome/124.0 Safari/537.36"
203.0.113.99 - - [12/Apr/2026:14:21:01 +0000] "POST /api/checkout HTTP/1.1" 503 218 "https://shop.example/checkout" "Mozilla/5.0 (iPhone; CPU iPhone OS 17_4 like Mac OS X) AppleWebKit/605.1.15 (KHTML, like Gecko) Version/17.4 Mobile/15E148 Safari/604.1"
198.51.100.18 - - [12/Apr/2026:14:21:18 +0000] "POST /api/checkout HTTP/1.1" 200 412 "https://shop.example/checkout" "Mozilla/5.0 (Macintosh; Intel Mac OS X 14_4) AppleWebKit/605.1.15 (KHTML, like Gecko) Version/17.4 Safari/605.1.15"
203.0.113.18 - - [12/Apr/2026:14:21:42 +0000] "POST /api/checkout HTTP/1.1" 200 412 "https://shop.example/checkout" "Mozilla/5.0 (Macintosh; Intel Mac OS X 14_4) AppleWebKit/537.36 (KHTML, like Gecko) Chrome/124.0 Safari/537.36"
198.51.100.42 - - [12/Apr/2026:14:22:01 +0000] "POST /api/checkout HTTP/1.1" 200 412 "https://shop.example/checkout" "Mozilla/5.0 (Windows NT 10.0; Win64; x64) AppleWebKit/537.36 (KHTML, like Gecko) Chrome/124.0 Safari/537.36"
192.0.2.42 - - [12/Apr/2026:14:24:01 +0000] "GET /api/products/p_026 HTTP/1.1" 200 2418 "-" "curl/8.4.0"
192.0.2.42 - - [12/Apr/2026:14:24:03 +0000] "GET /api/products/p_027 HTTP/1.1" 200 2618 "-" "curl/8.4.0"
192.0.2.42 - - [12/Apr/2026:14:24:05 +0000] "GET /api/products/p_028 HTTP/1.1" 200 2218 "-" "curl/8.4.0"
192.0.2.42 - - [12/Apr/2026:14:24:07 +0000] "GET /api/products/p_029 HTTP/1.1" 200 2818 "-" "curl/8.4.0"
192.0.2.42 - - [12/Apr/2026:14:24:09 +0000] "GET /api/products/p_030 HTTP/1.1" 200 2418 "-" "curl/8.4.0"
192.0.2.42 - - [12/Apr/2026:14:24:11 +0000] "GET /api/products/p_031 HTTP/1.1" 200 2618 "-" "curl/8.4.0"
192.0.2.42 - - [12/Apr/2026:14:24:13 +0000] "GET /api/products/p_032 HTTP/1.1" 200 2218 "-" "curl/8.4.0"
192.0.2.42 - - [12/Apr/2026:14:24:15 +0000] "GET /api/products/p_033 HTTP/1.1" 200 2718 "-" "curl/8.4.0"
192.0.2.42 - - [12/Apr/2026:14:24:17 +0000] "GET /api/products/p_034 HTTP/1.1" 200 2418 "-" "curl/8.4.0"
198.51.100.99 - - [12/Apr/2026:14:25:01 +0000] "GET / HTTP/1.1" 200 4128 "-" "Mozilla/5.0 (Linux; Android 14) Chrome/124.0 Mobile Safari/537.36"
198.51.100.99 - - [12/Apr/2026:14:25:18 +0000] "GET /api/products HTTP/1.1" 200 18421 "https://shop.example/" "Mozilla/5.0 (Linux; Android 14) Chrome/124.0 Mobile Safari/537.36"
198.51.100.99 - - [12/Apr/2026:14:25:42 +0000] "POST /api/cart HTTP/1.1" 200 218 "https://shop.example/products" "Mozilla/5.0 (Linux; Android 14) Chrome/124.0 Mobile Safari/537.36"
198.51.100.99 - - [12/Apr/2026:14:26:01 +0000] "POST /api/checkout HTTP/1.1" 200 412 "https://shop.example/checkout" "Mozilla/5.0 (Linux; Android 14) Chrome/124.0 Mobile Safari/537.36"
203.0.113.42 - - [12/Apr/2026:14:28:01 +0000] "GET / HTTP/1.1" 200 4128 "-" "Mozilla/5.0 (Macintosh; Intel Mac OS X 14_4) AppleWebKit/605.1.15 (KHTML, like Gecko) Version/17.4 Safari/605.1.15"
203.0.113.42 - - [12/Apr/2026:14:28:42 +0000] "GET /account/orders HTTP/1.1" 200 8412 "https://shop.example/account" "Mozilla/5.0 (Macintosh; Intel Mac OS X 14_4) AppleWebKit/605.1.15 (KHTML, like Gecko) Version/17.4 Safari/605.1.15"
198.51.100.18 - - [12/Apr/2026:14:31:01 +0000] "GET /api/products HTTP/1.1" 200 18421 "https://shop.example/" "Mozilla/5.0 (Macintosh; Intel Mac OS X 14_4) AppleWebKit/605.1.15 (KHTML, like Gecko) Version/17.4 Safari/605.1.15"
198.51.100.18 - - [12/Apr/2026:14:31:18 +0000] "POST /api/cart HTTP/1.1" 200 218 "https://shop.example/products" "Mozilla/5.0 (Macintosh; Intel Mac OS X 14_4) AppleWebKit/605.1.15 (KHTML, like Gecko) Version/17.4 Safari/605.1.15"
198.51.100.18 - - [12/Apr/2026:14:31:42 +0000] "POST /api/checkout HTTP/1.1" 200 412 "https://shop.example/checkout" "Mozilla/5.0 (Macintosh; Intel Mac OS X 14_4) AppleWebKit/605.1.15 (KHTML, like Gecko) Version/17.4 Safari/605.1.15"
192.0.2.42 - - [12/Apr/2026:14:34:01 +0000] "GET /api/products/p_035 HTTP/1.1" 200 2418 "-" "curl/8.4.0"
192.0.2.42 - - [12/Apr/2026:14:34:03 +0000] "GET /api/products/p_036 HTTP/1.1" 200 2618 "-" "curl/8.4.0"
192.0.2.42 - - [12/Apr/2026:14:34:05 +0000] "GET /api/products/p_037 HTTP/1.1" 200 2218 "-" "curl/8.4.0"
192.0.2.42 - - [12/Apr/2026:14:34:07 +0000] "GET /api/products/p_038 HTTP/1.1" 200 2818 "-" "curl/8.4.0"
192.0.2.42 - - [12/Apr/2026:14:34:09 +0000] "GET /api/products/p_039 HTTP/1.1" 200 2418 "-" "curl/8.4.0"
192.0.2.42 - - [12/Apr/2026:14:34:11 +0000] "GET /api/products/p_040 HTTP/1.1" 200 2618 "-" "curl/8.4.0"
192.0.2.42 - - [12/Apr/2026:14:34:13 +0000] "GET /api/products/p_041 HTTP/1.1" 200 2218 "-" "curl/8.4.0"
198.51.100.42 - - [12/Apr/2026:14:38:01 +0000] "GET /api/products HTTP/1.1" 200 18421 "https://shop.example/" "Mozilla/5.0 (Windows NT 10.0; Win64; x64) AppleWebKit/537.36 (KHTML, like Gecko) Chrome/124.0 Safari/537.36"
198.51.100.42 - - [12/Apr/2026:14:38:18 +0000] "GET /api/products/p_242 HTTP/1.1" 404 218 "https://shop.example/products" "Mozilla/5.0 (Windows NT 10.0; Win64; x64) AppleWebKit/537.36 (KHTML, like Gecko) Chrome/124.0 Safari/537.36"
198.51.100.42 - - [12/Apr/2026:14:38:42 +0000] "GET /api/products/p_142 HTTP/1.1" 200 2418 "https://shop.example/products" "Mozilla/5.0 (Windows NT 10.0; Win64; x64) AppleWebKit/537.36 (KHTML, like Gecko) Chrome/124.0 Safari/537.36"
203.0.113.18 - - [12/Apr/2026:14:42:01 +0000] "GET / HTTP/1.1" 200 4128 "-" "Mozilla/5.0 (Macintosh; Intel Mac OS X 14_4) AppleWebKit/537.36 (KHTML, like Gecko) Chrome/124.0 Safari/537.36"
203.0.113.18 - - [12/Apr/2026:14:42:18 +0000] "GET /api/products HTTP/1.1" 200 18421 "https://shop.example/" "Mozilla/5.0 (Macintosh; Intel Mac OS X 14_4) AppleWebKit/537.36 (KHTML, like Gecko) Chrome/124.0 Safari/537.36"
203.0.113.18 - - [12/Apr/2026:14:42:42 +0000] "GET /api/products?page=2 HTTP/1.1" 200 16842 "https://shop.example/" "Mozilla/5.0 (Macintosh; Intel Mac OS X 14_4) AppleWebKit/537.36 (KHTML, like Gecko) Chrome/124.0 Safari/537.36"
198.51.100.99 - - [12/Apr/2026:14:45:01 +0000] "POST /api/cart HTTP/1.1" 200 218 "https://shop.example/products" "Mozilla/5.0 (Linux; Android 14) Chrome/124.0 Mobile Safari/537.36"
198.51.100.99 - - [12/Apr/2026:14:45:42 +0000] "POST /api/checkout HTTP/1.1" 200 412 "https://shop.example/checkout" "Mozilla/5.0 (Linux; Android 14) Chrome/124.0 Mobile Safari/537.36"
192.0.2.42 - - [12/Apr/2026:14:48:01 +0000] "GET /api/products/p_042 HTTP/1.1" 200 2418 "-" "curl/8.4.0"
192.0.2.42 - - [12/Apr/2026:14:48:03 +0000] "GET /api/products/p_043 HTTP/1.1" 200 2618 "-" "curl/8.4.0"
192.0.2.42 - - [12/Apr/2026:14:48:05 +0000] "GET /api/products/p_044 HTTP/1.1" 200 2218 "-" "curl/8.4.0"
192.0.2.42 - - [12/Apr/2026:14:48:07 +0000] "GET /api/products/p_045 HTTP/1.1" 200 2818 "-" "curl/8.4.0"
192.0.2.42 - - [12/Apr/2026:14:48:09 +0000] "GET /api/products/p_046 HTTP/1.1" 200 2418 "-" "curl/8.4.0"
198.51.100.18 - - [12/Apr/2026:14:52:01 +0000] "GET / HTTP/1.1" 200 4128 "-" "Mozilla/5.0 (Macintosh; Intel Mac OS X 14_4) AppleWebKit/605.1.15 (KHTML, like Gecko) Version/17.4 Safari/605.1.15"
198.51.100.18 - - [12/Apr/2026:14:52:18 +0000] "GET /api/cart HTTP/1.1" 200 218 "https://shop.example/" "Mozilla/5.0 (Macintosh; Intel Mac OS X 14_4) AppleWebKit/605.1.15 (KHTML, like Gecko) Version/17.4 Safari/605.1.15"
203.0.113.99 - - [12/Apr/2026:14:55:01 +0000] "GET /api/products HTTP/1.1" 200 18421 "https://shop.example/" "Mozilla/5.0 (iPhone; CPU iPhone OS 17_4 like Mac OS X) AppleWebKit/605.1.15 (KHTML, like Gecko) Version/17.4 Mobile/15E148 Safari/604.1"
203.0.113.99 - - [12/Apr/2026:14:55:42 +0000] "POST /api/cart HTTP/1.1" 200 218 "https://shop.example/products" "Mozilla/5.0 (iPhone; CPU iPhone OS 17_4 like Mac OS X) AppleWebKit/605.1.15 (KHTML, like Gecko) Version/17.4 Mobile/15E148 Safari/604.1"
203.0.113.99 - - [12/Apr/2026:14:56:01 +0000] "POST /api/checkout HTTP/1.1" 200 412 "https://shop.example/checkout" "Mozilla/5.0 (iPhone; CPU iPhone OS 17_4 like Mac OS X) AppleWebKit/605.1.15 (KHTML, like Gecko) Version/17.4 Mobile/15E148 Safari/604.1"
